// Vitest Snapshot v1, https://vitest.dev/guide/snapshot.html

exports[`Game / Menu / Component > should match snapshot 1`] = `
<div>
  <div
    style="display: block;"
  >
    <nav
      class="navigation_navigation__hx5tsf0"
    >
      <a
        href="/"
      >
        Game
      </a>
      <a
        href="/blog"
      >
        Blog
      </a>
      <a
        href="/wiki"
      >
        Wiki
      </a>
    </nav>
    <div
      class="menu__1ofgcy10"
    >
      <button
        class="menu__1ofgcy11"
        id="play-button"
      >
        <h3>
          Click to play
        </h3>
      </button>
    </div>
  </div>
</div>
`;
