// Vitest Snapshot v1, https://vitest.dev/guide/snapshot.html

exports[`Website / Authentication / Component > should match snapshot 1`] = `
<div>
  <div
    class="authentication-container"
  >
    <pre>
      null
    </pre>
    <div>
      <h2>
        Welcome Back
      </h2>
      <form>
        <div
          class="text-field"
        >
          <input
            id=":r0:"
            name="username"
            placeholder="Ex. johndoe"
            type="text"
          />
          <label
            for=":r0:"
          >
            Username
          </label>
        </div>
        <div
          class="text-field"
        >
          <input
            id=":r1:"
            name="password"
            placeholder=""
            type="text"
          />
          <label
            for=":r1:"
          >
            Password
          </label>
        </div>
        <button
          type="submit"
        >
          Sign in
        </button>
      </form>
    </div>
    <br />
    <div>
      ---------------------------------------------------------------
    </div>
    <br />
    <div>
      <h2>
        Join
      </h2>
      <form>
        <div
          class="text-field"
        >
          <input
            id=":r2:"
            name="username"
            placeholder="Ex. johndoe"
            type="text"
          />
          <label
            for=":r2:"
          >
            Username
          </label>
        </div>
        <div
          class="text-field"
        >
          <input
            id=":r3:"
            name="password"
            placeholder=""
            type="text"
          />
          <label
            for=":r3:"
          >
            Password
          </label>
        </div>
        <div
          class="text-field"
        >
          <input
            id=":r4:"
            name="confirmPassword"
            placeholder=""
            type="text"
          />
          <label
            for=":r4:"
          >
            Confirm Password
          </label>
        </div>
        <div
          class="text-field"
        >
          <input
            id=":r5:"
            name="email"
            placeholder="Ex. johndoe@email.com"
            type="text"
          />
          <label
            for=":r5:"
          >
            Email
          </label>
        </div>
        <button
          type="submit"
        >
          Sign up
        </button>
      </form>
    </div>
  </div>
</div>
`;
